ESP-ROM:esp32s3-20210327
Build:Mar 27 2021
rst:0x1 (POWERON),boot:0x28 (SPI_FAST_FLASH_BOOT)
SPIWP:0xee
mode:DIO, clock div:1
load:0x3fce2810,len:0x178c
load:0x403c8700,len:0x4
load:0x403c8704,len:0xcb8
load:0x403cb700,len:0x2db0
entry 0x403c8914
[0;32mI (27) boot: ESP-IDF v5.3-dirty 2nd stage bootloader[0m
[0;32mI (27) boot: compile time May 31 2025 20:42:14[0m
[0;32mI (27) boot: Multicore bootloader[0m
[0;32mI (30) boot: chip revision: v0.2[0m
[0;32mI (34) boot.esp32s3: Boot SPI Speed : 80MHz[0m
[0;32mI (39) boot.esp32s3: SPI Mode       : DIO[0m
[0;32mI (44) boot.esp32s3: SPI Flash Size : 16MB[0m
[0;32mI (48) boot: Enabling RNG early entropy source...[0m
[0;32mI (54) boot: Partition Table:[0m
[0;32mI (57) boot: ## Label            Usage          Type ST Offset   Length[0m
[0;32mI (65) boot:  0 nvs              WiFi data        01 02 00009000 00010000[0m
[0;32mI (72) boot:  1 phy_init         RF data          01 01 00019000 00001000[0m
[0;32mI (80) boot:  2 factory          factory app      00 00 00020000 00300000[0m
[0;32mI (87) boot:  3 storage          Unknown data     01 82 00320000 00200000[0m
[0;32mI (95) boot: End of partition table[0m
[0;32mI (99) esp_image: segment 0: paddr=00020020 vaddr=3c080020 size=1f6ach (128684) map[0m
[0;32mI (130) esp_image: segment 1: paddr=0003f6d4 vaddr=3fc99100 size=00944h (  2372) load[0m
[0;32mI (131) esp_image: segment 2: paddr=00040020 vaddr=42000020 size=7e50ch (517388) map[0m
[0;32mI (229) esp_image: segment 3: paddr=000be534 vaddr=3fc99a44 size=03f70h ( 16240) load[0m
[0;32mI (233) esp_image: segment 4: paddr=000c24ac vaddr=40374000 size=1508ch ( 86156) load[0m
[0;32mI (262) boot: Loaded app from partition at offset 0x20000[0m
[0;32mI (262) boot: Disabling RNG early entropy source...[0m
[0;32mI (274) cpu_start: Multicore app[0m
[0;32mI (283) cpu_start: Pro cpu start user code[0m
[0;32mI (283) cpu_start: cpu freq: 160000000 Hz[0m
[0;32mI (283) app_init: Application information:[0m
[0;32mI (286) app_init: Project name:     hello_world[0m
[0;32mI (292) app_init: App version:      1[0m
[0;32mI (296) app_init: Compile time:     May 31 2025 20:41:57[0m
[0;32mI (302) app_init: ELF file SHA256:  1c3348488...[0m
[0;32mI (307) app_init: ESP-IDF:          v5.3-dirty[0m
[0;32mI (312) efuse_init: Min chip rev:     v0.0[0m
[0;32mI (317) efuse_init: Max chip rev:     v0.99 [0m
[0;32mI (322) efuse_init: Chip rev:         v0.2[0m
[0;32mI (327) heap_init: Initializing. RAM available for dynamic allocation:[0m
[0;32mI (334) heap_init: At 3FCA1560 len 000481B0 (288 KiB): RAM[0m
[0;32mI (340) heap_init: At 3FCE9710 len 00005724 (21 KiB): RAM[0m
[0;32mI (346) heap_init: At 3FCF0000 len 00008000 (32 KiB): DRAM[0m
[0;32mI (352) heap_init: At 600FE100 len 00001EE8 (7 KiB): RTCRAM[0m
[0;32mI (360) spi_flash: detected chip: boya[0m
[0;32mI (363) spi_flash: flash io: dio[0m
[0;32mI (367) sleep: Configure to isolate all GPIO pins in sleep state[0m
[0;32mI (374) sleep: Enable automatic switching of GPIO sleep configuration[0m
[0;32mI (381) main_task: Started on CPU0[0m
[0;32mI (411) main_task: Calling app_main()[0m
[0;32mI (431) pp: pp rom version: e7ae62f[0m
[0;32mI (431) net80211: net80211 rom version: e7ae62f[0m
[0;32mI (441) wifi:wifi driver task: 3fcacbe0, prio:23, stack:6656, core=0[0m
[0;32mI (451) wifi:wifi firmware version: 0caa81945[0m
[0;32mI (451) wifi:wifi certification version: v7.0[0m
[0;32mI (451) wifi:config NVS flash: enabled[0m
[0;32mI (451) wifi:config nano formating: disabled[0m
[0;32mI (461) wifi:Init data frame dynamic rx buffer num: 32[0m
[0;32mI (461) wifi:Init static rx mgmt buffer num: 5[0m
[0;32mI (471) wifi:Init management short buffer num: 32[0m
[0;32mI (471) wifi:Init dynamic tx buffer num: 32[0m
[0;32mI (471) wifi:Init static tx FG buffer num: 2[0m
[0;32mI (481) wifi:Init static rx buffer size: 1600[0m
[0;32mI (481) wifi:Init static rx buffer num: 10[0m
[0;32mI (491) wifi:Init dynamic rx buffer num: 32[0m
[0;32mI (491) wifi_init: rx ba win: 6[0m
[0;32mI (491) wifi_init: accept mbox: 6[0m
[0;32mI (501) wifi_init: tcpip mbox: 32[0m
[0;32mI (501) wifi_init: udp mbox: 6[0m
[0;32mI (511) wifi_init: tcp mbox: 6[0m
[0;32mI (511) wifi_init: tcp tx win: 5760[0m
[0;32mI (511) wifi_init: tcp rx win: 5760[0m
[0;32mI (521) wifi_init: tcp mss: 1440[0m
[0;32mI (521) wifi_init: WiFi IRAM OP enabled[0m
[0;32mI (531) wifi_init: WiFi RX IRAM OP enabled[0m
[0;32mI (531) phy_init: phy_version 680,a6008b2,Jun  4 2024,16:41:10[0m
[0;32mI (571) wifi:mode : sta (cc:ba:97:04:ed:5c)[0m
[0;32mI (571) wifi:enable tsf[0m
WiFiÊâ´ÊèèÂÆåÊàê
Guru Meditation Error: Core  0 panic'ed (LoadProhibited). Exception was unhandled.

Core  0 register dump:
PC      : 0x4200988c  PS      : 0x00060630  A0      : 0x82009631  A1      : 0x3fca5cd0  
A2      : 0x01000000  A3      : 0x00000001  A4      : 0x0000005e  A5      : 0x3fca6442  
A6      : 0x00000000  A7      : 0x01000000  A8      : 0x00000000  A9      : 0x00000000  
A10     : 0x00000000  A11     : 0x00000002  A12     : 0x00000001  A13     : 0x00000000  
A14     : 0x000001f4  A15     : 0x3fcb2ee8  SAR     : 0x00000010  EXCCAUSE: 0x0000001c  
EXCVADDR: 0x01000004  LBEG    : 0x40056fc5  LEND    : 0x40056fe7  LCOUNT  : 0x00000000  


Backtrace: 0x42009889:0x3fca5cd0 0x4200962e:0x3fca5d00 0x4207d613:0x3fca6470 0x4037ce85:0x000000a6 |<-CORRUPTED




ELF file SHA256: 1c3348488

Rebooting...
ESP-ROM:esp32s3-20210327
Build:Mar 27 2021
rst:0xc (RTC_SW_CPU_RST),boot:0x28 (SPI_FAST_FLASH_BOOT)
Saved PC:0x40375a50
SPIWP:0xee
mode:DIO, clock div:1
load:0x3fce2810,len:0x178c
load:0x403c8700,len:0x4
load:0x403c8704,len:0xcb8
load:0x403cb700,len:0x2db0
entry 0x403c8914
[0;32mI (31) boot: ESP-IDF v5.3-dirty 2nd stage bootloader[0m
[0;32mI (31) boot: compile time May 31 2025 20:42:14[0m
[0;32mI (31) boot: Multicore bootloader[0m
[0;32mI (35) boot: chip revision: v0.2[0m
[0;32mI (39) boot.esp32s3: Boot SPI Speed : 80MHz[0m
[0;32mI (43) boot.esp32s3: SPI Mode       : DIO[0m
[0;32mI (48) boot.esp32s3: SPI Flash Size : 16MB[0m
[0;32mI (53) boot: Enabling RNG early entropy source...[0m
[0;32mI (58) boot: Partition Table:[0m
[0;32mI (62) boot: ## Label            Usage          Type ST Offset   Length[0m
[0;32mI (69) boot:  0 nvs              WiFi data        01 02 00009000 00010000[0m
[0;32mI (77) boot:  1 phy_init         RF data          01 01 00019000 00001000[0m
[0;32mI (84) boot:  2 factory          factory app      00 00 00020000 00300000[0m
[0;32mI (92) boot:  3 storage          Unknown data     01 82 00320000 00200000[0m
[0;32mI (99) boot: End of partition table[0m
[0;32mI (103) esp_image: segment 0: paddr=00020020 vaddr=3c080020 size=1f6ach (128684) map[0m
[0;32mI (135) esp_image: segment 1: paddr=0003f6d4 vaddr=3fc99100 size=00944h (  2372) load[0m
[0;32mI (136) esp_image: segment 2: paddr=00040020 vaddr=42000020 size=7e50ch (517388) map[0m
[0;32mI (233) esp_image: segment 3: paddr=000be534 vaddr=3fc99a44 size=03f70h ( 16240) load[0m
[0;32mI (237) esp_image: segment 4: paddr=000c24ac vaddr=40374000 size=1508ch ( 86156) load[0m
[0;32mI (267) boot: Loaded app from partition at offset 0x20000[0m
[0;32mI (267) boot: Disabling RNG early entropy source...[0m
[0;32mI (278) cpu_start: Multicore app[0m
[0;32mI (288) cpu_start: Pro cpu start user code[0m
[0;32mI (288) cpu_start: cpu freq: 160000000 Hz[0m
[0;32mI (288) app_init: Application information:[0m
[0;32mI (291) app_init: Project name:     hello_world[0m
[0;32mI (296) app_init: App version:      1[0m
[0;32mI (300) app_init: Compile time:     May 31 2025 20:41:57[0m
[0;32mI (306) app_init: ELF file SHA256:  1c3348488...[0m
[0;32mI (312) app_init: ESP-IDF:          v5.3-dirty[0m
[0;32mI (317) efuse_init: Min chip rev:     v0.0[0m
[0;32mI (322) efuse_init: Max chip rev:     v0.99 [0m
[0;32mI (326) efuse_init: Chip rev:         v0.2[0m
[0;32mI (331) heap_init: Initializing. RAM available for dynamic allocation:[0m
[0;32mI (339) heap_init: At 3FCA1560 len 000481B0 (288 KiB): RAM[0m
[0;32mI (345) heap_init: At 3FCE9710 len 00005724 (21 KiB): RAM[0m
[0;32mI (351) heap_init: At 3FCF0000 len 00008000 (32 KiB): DRAM[0m
[0;32mI (357) heap_init: At 600FE100 len 00001EE8 (7 KiB): RTCRAM[0m
[0;32mI (364) spi_flash: detected chip: boya[0m
[0;32mI (368) spi_flash: flash io: dio[0m
[0;32mI (372) sleep: Configure to isolate all GPIO pins in sleep state[0m
[0;32mI (378) sleep: Enable automatic switching of GPIO sleep configuration[0m
[0;32mI (386) main_task: Started on CPU0[0m
[0;32mI (416) main_task: Calling app_main()[0m
[0;32mI (436) pp: pp rom version: e7ae62f[0m
[0;32mI (436) net80211: net80211 rom version: e7ae62f[0m
[0;32mI (446) wifi:wifi driver task: 3fcacbe0, prio:23, stack:6656, core=0[0m
[0;32mI (456) wifi:wifi firmware version: 0caa81945[0m
[0;32mI (456) wifi:wifi certification version: v7.0[0m
[0;32mI (456) wifi:config NVS flash: enabled[0m
[0;32mI (456) wifi:config nano formating: disabled[0m
[0;32mI (466) wifi:Init data frame dynamic rx buffer num: 32[0m
[0;32mI (466) wifi:Init static rx mgmt buffer num: 5[0m
[0;32mI (476) wifi:Init management short buffer num: 32[0m
[0;32mI (476) wifi:Init dynamic tx buffer num: 32[0m
[0;32mI (476) wifi:Init static tx FG buffer num: 2[0m
[0;32mI (486) wifi:Init static rx buffer size: 1600[0m
[0;32mI (486) wifi:Init static rx buffer num: 10[0m
[0;32mI (496) wifi:Init dynamic rx buffer num: 32[0m
[0;32mI (496) wifi_init: rx ba win: 6[0m
[0;32mI (496) wifi_init: accept mbox: 6[0m
[0;32mI (506) wifi_init: tcpip mbox: 32[0m
[0;32mI (506) wifi_init: udp mbox: 6[0m
[0;32mI (516) wifi_init: tcp mbox: 6[0m
[0;32mI (516) wifi_init: tcp tx win: 5760[0m
[0;32mI (516) wifi_init: tcp rx win: 5760[0m
[0;32mI (526) wifi_init: tcp mss: 1440[0m
[0;32mI (526) wifi_init: WiFi IRAM OP enabled[0m
[0;32mI (536) wifi_init: WiFi RX IRAM OP enabled[0m
[0;32mI (536) phy_init: phy_version 680,a6008b2,Jun  4 2024,16:41:10[0m
[0;32mI (576) wifi:mode : sta (cc:ba:97:04:ed:5c)[0m
[0;32mI (576) wifi:enable tsf[0m
WiFiÊâ´ÊèèÂÆåÊàê
Guru Meditation Error: Core  0 panic'ed (LoadProhibited). Exception was unhandled.

Core  0 register dump:
PC      : 0x4200988c  PS      : 0x00060630  A0      : 0x82009631  A1      : 0x3fca5cd0  
A2      : 0x01000000  A3      : 0x00000001  A4      : 0x0000005e  A5      : 0x3fca6442  
A6      : 0x00000000  A7      : 0x01000000  A8      : 0x00000000  A9      : 0x00000000  
A10     : 0x00000000  A11     : 0x00000002  A12     : 0x00000001  A13     : 0x00000000  
A14     : 0x000001f4  A15     : 0x3fcb2ee8  SAR     : 0x00000010  EXCCAUSE: 0x0000001c  
EXCVADDR: 0x01000004  LBEG    : 0x40056fc5  LEND    : 0x40056fe7  LCOUNT  : 0x00000000  


Backtrace: 0x42009889:0x3fca5cd0 0x4200962e:0x3fca5d00 0x4207d613:0x3fca6470 0x4037ce85:0x000000a8 |<-CORRUPTED




ELF file SHA256: 1c3348488

Rebooting...
 ÔøΩESP-ROM:esp32s3-20210327
Build:Mar 27 2021
rst:0xc (RTC_SW_CPU_RST),boot:0x28 (SPI_FAST_FLASH_BOOT)
Saved PC:0x40375a50
SPIWP:0xee
mode:DIO, clock div:1
load:0x3fce2810,len:0x178c
load:0x403c8700,len:0x4
load:0x403c8704,len:0xcb8
load:0x403cb700,len:0x2db0
entry 0x403c8914
[0;32mI (31) boot: ESP-IDF v5.3-dirty 2nd stage bootloader[0m
[0;32mI (31) boot: compile time May 31 2025 20:42:14[0m
[0;32mI (31) boot: Multicore bootloader[0m
[0;32mI (35) boot: chip revision: v0.2[0m
[0;32mI (39) boot.esp32s3: Boot SPI Speed : 80MHz[0m
[0;32mI (43) boot.esp32s3: SPI Mode       : DIO[0m
[0;32mI (48) boot.esp32s3: SPI Flash Size : 16MB[0m
[0;32mI (53) boot: Enabling RNG early entropy source...[0m
[0;32mI (58) boot: Partition Table:[0m
[0;32mI (62) boot: ## Label            Usage          Type ST Offset   Length[0m
[0;32mI (69) boot:  0 nvs              WiFi data        01 02 00009000 00010000[0m
[0;32mI (77) boot:  1 phy_init         RF data          01 01 00019000 00001000[0m
[0;32mI (84) boot:  2 factory          factory app      00 00 00020000 00300000[0m
[0;32mI (92) boot:  3 storage          Unknown data     01 82 00320000 00200000[0m
[0;32mI (99) boot: End of partition table[0m
[0;32mI (103) esp_image: segment 0: paddr=00020020 vaddr=3c080020 size=1f6ach (128684) map[0m
[0;32mI (135) esp_image: segment 1: paddr=0003f6d4 vaddr=3fc99100 size=00944h (  2372) load[0m
[0;32mI (136) esp_image: segment 2: paddr=00040020 vaddr=42000020 size=7e50ch (517388) map[0m
[0;32mI (233) esp_image: segment 3: paddr=000be534 vaddr=3fc99a44 size=03f70h ( 16240) load[0m
[0;32mI (237) esp_image: segment 4: paddr=000c24ac vaddr=40374000 size=1508ch ( 86156) load[0m
[0;32mI (267) boot: Loaded app from partition at offset 0x20000[0m
[0;32mI (267) boot: Disabling RNG early entropy source...[0m
[0;32mI (278) cpu_start: Multicore app[0m
[0;32mI (288) cpu_start: Pro cpu start user code[0m
[0;32mI (288) cpu_start: cpu freq: 160000000 Hz[0m
[0;32mI (288) app_init: Application information:[0m
[0;32mI (291) app_init: Project name:     hello_world[0m
[0;32mI (296) app_init: App version:      1[0m
[0;32mI (300) app_init: Compile time:     May 31 2025 20:41:57[0m
[0;32mI (306) app_init: ELF file SHA256:  1c3348488...[0m
[0;32mI (312) app_init: ESP-IDF:          v5.3-dirty[0m
[0;32mI (317) efuse_init: Min chip rev:     v0.0[0m
[0;32mI (322) efuse_init: Max chip rev:     v0.99 [0m
[0;32mI (326) efuse_init: Chip rev:         v0.2[0m
[0;32mI (331) heap_init: Initializing. RAM available for dynamic allocation:[0m
[0;32mI (339) heap_init: At 3FCA1560 len 000481B0 (288 KiB): RAM[0m
[0;32mI (345) heap_init: At 3FCE9710 len 00005724 (21 KiB): RAM[0m
[0;32mI (351) heap_init: At 3FCF0000 len 00008000 (32 KiB): DRAM[0m
[0;32mI (357) heap_init: At 600FE100 len 00001EE8 (7 KiB): RTCRAM[0m
[0;32mI (364) spi_flash: detected chip: boya[0m
[0;32mI (368) spi_flash: flash io: dio[0m
[0;32mI (372) sleep: Configure to isolate all GPIO pins in sleep state[0m
[0;32mI (378) sleep: Enable automatic switching of GPIO sleep configuration[0m
[0;32mI (386) main_task: Started on CPU0[0m
[0;32mI (416) main_task: Calling app_main()[0m
[0;32mI (436) pp: pp rom version: e7ae62f[0m
[0;32mI (436) net80211: net80211 rom version: e7ae62f[0m
[0;32mI (446) wifi:wifi driver task: 3fcacbe0, prio:23, stack:6656, core=0[0m
[0;32mI (456) wifi:wifi firmware version: 0caa81945[0m
[0;32mI (456) wifi:wifi certification version: v7.0[0m
[0;32mI (456) wifi:config NVS flash: enabled[0m
[0;32mI (456) wifi:config nano formating: disabled[0m
[0;32mI (466) wifi:Init data frame dynamic rx buffer num: 32[0m
[0;32mI (466) wifi:Init static rx mgmt buffer num: 5[0m
[0;32mI (476) wifi:Init management short buffer num: 32[0m
[0;32mI (476) wifi:Init dynamic tx buffer num: 32[0m
[0;32mI (476) wifi:Init static tx FG buffer num: 2[0m
[0;32mI (486) wifi:Init static rx buffer size: 1600[0m
[0;32mI (486) wifi:Init static rx buffer num: 10[0m
[0;32mI (496) wifi:Init dynamic rx buffer num: 32[0m
[0;32mI (496) wifi_init: rx ba win: 6[0m
[0;32mI (496) wifi_init: accept mbox: 6[0m
[0;32mI (506) wifi_init: tcpip mbox: 32[0m
[0;32mI (506) wifi_init: udp mbox: 6[0m
[0;32mI (516) wifi_init: tcp mbox: 6[0m
[0;32mI (516) wifi_init: tcp tx win: 5760[0m
[0;32mI (516) wifi_init: tcp rx win: 5760[0m
[0;32mI (526) wifi_init: tcp mss: 1440[0m
[0;32mI (526) wifi_init: WiFi IRAM OP enabled[0m
[0;32mI (536) wifi_init: WiFi RX IRAM OP enabled[0m
[0;32mI (536) phy_init: phy_version 680,a6008b2,Jun  4 2024,16:41:10[0m
[0;32mI (576) wifi:mode : sta (cc:ba:97:04:ed:5c)[0m
[0;32mI (576) wifi:enable tsf[0m
