ESP-ROM:esp32s3-20210327
Build:Mar 27 2021
rst:0x1 (POWERON),boot:0x28 (SPI_FAST_FLASH_BOOT)
SPIWP:0xee
mode:DIO, clock div:1
load:0x3fce2810,len:0x178c
load:0x403c8700,len:0x4
load:0x403c8704,len:0xcb8
load:0x403cb700,len:0x2db0
entry 0x403c8914
[0;32mI (27) boot: ESP-IDF v5.3-dirty 2nd stage bootloader[0m
[0;32mI (27) boot: compile time May 31 2025 20:20:03[0m
[0;32mI (27) boot: Multicore bootloader[0m
[0;32mI (30) boot: chip revision: v0.2[0m
[0;32mI (34) boot.esp32s3: Boot SPI Speed : 80MHz[0m
[0;32mI (39) boot.esp32s3: SPI Mode       : DIO[0m
[0;32mI (44) boot.esp32s3: SPI Flash Size : 16MB[0m
[0;32mI (48) boot: Enabling RNG early entropy source...[0m
[0;32mI (54) boot: Partition Table:[0m
[0;32mI (57) boot: ## Label            Usage          Type ST Offset   Length[0m
[0;32mI (65) boot:  0 nvs              WiFi data        01 02 00009000 00010000[0m
[0;32mI (72) boot:  1 phy_init         RF data          01 01 00019000 00001000[0m
[0;32mI (80) boot:  2 factory          factory app      00 00 00020000 00300000[0m
[0;32mI (87) boot:  3 storage          Unknown data     01 82 00320000 00200000[0m
[0;32mI (95) boot: End of partition table[0m
[0;32mI (99) esp_image: segment 0: paddr=00020020 vaddr=3c020020 size=0a2e8h ( 41704) map[0m
[0;32mI (115) esp_image: segment 1: paddr=0002a310 vaddr=3fc92200 size=02a34h ( 10804) load[0m
[0;32mI (118) esp_image: segment 2: paddr=0002cd4c vaddr=40374000 size=032cch ( 13004) load[0m
[0;32mI (127) esp_image: segment 3: paddr=00030020 vaddr=42000020 size=17788h ( 96136) map[0m
[0;32mI (150) esp_image: segment 4: paddr=000477b0 vaddr=403772cc size=0af20h ( 44832) load[0m
[0;32mI (166) boot: Loaded app from partition at offset 0x20000[0m
[0;32mI (166) boot: Disabling RNG early entropy source...[0m
[0;32mI (177) cpu_start: Multicore app[0m
[0;32mI (187) cpu_start: Pro cpu start user code[0m
[0;32mI (187) cpu_start: cpu freq: 160000000 Hz[0m
[0;32mI (187) app_init: Application information:[0m
[0;32mI (190) app_init: Project name:     hello_world[0m
[0;32mI (195) app_init: App version:      1[0m
[0;32mI (199) app_init: Compile time:     May 31 2025 20:19:51[0m
[0;32mI (205) app_init: ELF file SHA256:  3d591816b...[0m
[0;32mI (211) app_init: ESP-IDF:          v5.3-dirty[0m
[0;32mI (216) efuse_init: Min chip rev:     v0.0[0m
[0;32mI (221) efuse_init: Max chip rev:     v0.99 [0m
[0;32mI (226) efuse_init: Chip rev:         v0.2[0m
[0;32mI (230) heap_init: Initializing. RAM available for dynamic allocation:[0m
[0;32mI (238) heap_init: At 3FC954E8 len 00054228 (336 KiB): RAM[0m
[0;32mI (244) heap_init: At 3FCE9710 len 00005724 (21 KiB): RAM[0m
[0;32mI (250) heap_init: At 3FCF0000 len 00008000 (32 KiB): DRAM[0m
[0;32mI (256) heap_init: At 600FE100 len 00001EE8 (7 KiB): RTCRAM[0m
[0;32mI (263) spi_flash: detected chip: boya[0m
[0;32mI (267) spi_flash: flash io: dio[0m
[0;32mI (271) sleep: Configure to isolate all GPIO pins in sleep state[0m
[0;32mI (277) sleep: Enable automatic switching of GPIO sleep configuration[0m
[0;32mI (285) main_task: Started on CPU0[0m
[0;32mI (315) main_task: Calling app_main()[0m
Hello wifi!
ÂΩìÂâç‰ªªÂä°Ââ©‰ΩôÊúÄÂ∞èÊ†àÁ©∫Èó¥: 1904 Â≠óËäÇ
[0;32mI (315) main_task: Returned from app_main()[0m
