ESP-ROM:esp32s3-20210327
Build:Mar 27 2021
rst:0x1 (POWERON),boot:0x28 (SPI_FAST_FLASH_BOOT)
SPIWP:0xee
mode:DIO, clock div:1
load:0x3fce2810,len:0x178c
load:0x403c8700,len:0x4
load:0x403c8704,len:0xcb8
load:0x403cb700,len:0x2db0
entry 0x403c8914
[0;32mI (27) boot: ESP-IDF v5.3-dirty 2nd stage bootloader[0m
[0;32mI (27) boot: compile time May 31 2025 20:20:03[0m
[0;32mI (27) boot: Multicore bootloader[0m
[0;32mI (30) boot: chip revision: v0.2[0m
[0;32mI (34) boot.esp32s3: Boot SPI Speed : 80MHz[0m
[0;32mI (39) boot.esp32s3: SPI Mode       : DIO[0m
[0;32mI (44) boot.esp32s3: SPI Flash Size : 16MB[0m
[0;32mI (48) boot: Enabling RNG early entropy source...[0m
[0;32mI (54) boot: Partition Table:[0m
[0;32mI (57) boot: ## Label            Usage          Type ST Offset   Length[0m
[0;32mI (65) boot:  0 nvs              WiFi data        01 02 00009000 00010000[0m
[0;32mI (72) boot:  1 phy_init         RF data          01 01 00019000 00001000[0m
[0;32mI (80) boot:  2 factory          factory app      00 00 00020000 00300000[0m
[0;32mI (87) boot:  3 storage          Unknown data     01 82 00320000 00200000[0m
[0;32mI (95) boot: End of partition table[0m
[0;32mI (99) esp_image: segment 0: paddr=00020020 vaddr=3c080020 size=1f68ch (128652) map[0m
[0;32mI (130) esp_image: segment 1: paddr=0003f6b4 vaddr=3fc99100 size=00964h (  2404) load[0m
[0;32mI (131) esp_image: segment 2: paddr=00040020 vaddr=42000020 size=7e564h (517476) map[0m
[0;32mI (229) esp_image: segment 3: paddr=000be58c vaddr=3fc99a64 size=03f50h ( 16208) load[0m
[0;32mI (233) esp_image: segment 4: paddr=000c24e4 vaddr=40374000 size=1508ch ( 86156) load[0m
[0;32mI (262) boot: Loaded app from partition at offset 0x20000[0m
[0;32mI (262) boot: Disabling RNG early entropy source...[0m
[0;32mI (274) cpu_start: Multicore app[0m
[0;32mI (283) cpu_start: Pro cpu start user code[0m
[0;32mI (283) cpu_start: cpu freq: 160000000 Hz[0m
[0;32mI (283) app_init: Application information:[0m
[0;32mI (286) app_init: Project name:     hello_world[0m
[0;32mI (292) app_init: App version:      1[0m
[0;32mI (296) app_init: Compile time:     May 31 2025 20:19:51[0m
[0;32mI (302) app_init: ELF file SHA256:  93da9168d...[0m
[0;32mI (307) app_init: ESP-IDF:          v5.3-dirty[0m
[0;32mI (312) efuse_init: Min chip rev:     v0.0[0m
[0;32mI (317) efuse_init: Max chip rev:     v0.99 [0m
[0;32mI (322) efuse_init: Chip rev:         v0.2[0m
[0;32mI (327) heap_init: Initializing. RAM available for dynamic allocation:[0m
[0;32mI (334) heap_init: At 3FCA1560 len 000481B0 (288 KiB): RAM[0m
[0;32mI (340) heap_init: At 3FCE9710 len 00005724 (21 KiB): RAM[0m
[0;32mI (346) heap_init: At 3FCF0000 len 00008000 (32 KiB): DRAM[0m
[0;32mI (352) heap_init: At 600FE100 len 00001EE8 (7 KiB): RTCRAM[0m
[0;32mI (360) spi_flash: detected chip: boya[0m
[0;32mI (363) spi_flash: flash io: dio[0m
[0;32mI (367) sleep: Configure to isolate all GPIO pins in sleep state[0m
[0;32mI (374) sleep: Enable automatic switching of GPIO sleep configuration[0m
[0;32mI (381) main_task: Started on CPU0[0m
[0;32mI (411) main_task: Calling app_main()[0m
Hello wifi!
[0;32mI (431) pp: pp rom version: e7ae62f[0m
[0;32mI (431) net80211: net80211 rom version: e7ae62f[0m

***ERROR*** A stack overflow in task main has been detected.


Backtrace: 0x40375b16:0x3fca46e0 0x4037c3a9:0x3fca4700 0x4037d276:0x3fca4720 0x4037e74b:0x3fca47a0 0x4037d33c:0x3fca47c0 0x4037d332:0x00000001 |<-CORRUPTED




ELF file SHA256: 93da9168d

Rebooting...
ESP-ROM:esp32s3-20210327
Build:Mar 27 2021
rst:0xc (RTC_SW_CPU_RST),boot:0x28 (SPI_FAST_FLASH_BOOT)
Saved PC:0x40375a50
SPIWP:0xee
mode:DIO, clock div:1
load:0x3fce2810,len:0x178c
load:0x403c8700,len:0x4
load:0x403c8704,len:0xcb8
load:0x403cb700,len:0x2db0
entry 0x403c8914
[0;32mI (31) boot: ESP-IDF v5.3-dirty 2nd stage bootloader[0m
[0;32mI (31) boot: compile time May 31 2025 20:20:03[0m
[0;32mI (31) boot: Multicore bootloader[0m
[0;32mI (35) boot: chip revision: v0.2[0m
[0;32mI (39) boot.esp32s3: Boot SPI Speed : 80MHz[0m
[0;32mI (43) boot.esp32s3: SPI Mode       : DIO[0m
[0;32mI (48) boot.esp32s3: SPI Flash Size : 16MB[0m
[0;32mI (53) boot: Enabling RNG early entropy source...[0m
[0;32mI (58) boot: Partition Table:[0m
[0;32mI (62) boot: ## Label            Usage          Type ST Offset   Length[0m
[0;32mI (69) boot:  0 nvs              WiFi data        01 02 00009000 00010000[0m
[0;32mI (77) boot:  1 phy_init         RF data          01 01 00019000 00001000[0m
[0;32mI (84) boot:  2 factory          factory app      00 00 00020000 00300000[0m
[0;32mI (92) boot:  3 storage          Unknown data     01 82 00320000 00200000[0m
[0;32mI (99) boot: End of partition table[0m
[0;32mI (103) esp_image: segment 0: paddr=00020020 vaddr=3c080020 size=1f68ch (128652) map[0m
[0;32mI (135) esp_image: segment 1: paddr=0003f6b4 vaddr=3fc99100 size=00964h (  2404) load[0m
[0;32mI (136) esp_image: segment 2: paddr=00040020 vaddr=42000020 size=7e564h (517476) map[0m
[0;32mI (233) esp_image: segment 3: paddr=000be58c vaddr=3fc99a64 size=03f50h ( 16208) load[0m
[0;32mI (237) esp_image: segment 4: paddr=000c24e4 vaddr=40374000 size=1508ch ( 86156) load[0m
[0;32mI (267) boot: Loaded app from partition at offset 0x20000[0m
[0;32mI (267) boot: Disabling RNG early entropy source...[0m
[0;32mI (278) cpu_start: Multicore app[0m
[0;32mI (288) cpu_start: Pro cpu start user code[0m
[0;32mI (288) cpu_start: cpu freq: 160000000 Hz[0m
[0;32mI (288) app_init: Application information:[0m
[0;32mI (291) app_init: Project name:     hello_world[0m
[0;32mI (296) app_init: App version:      1[0m
[0;32mI (300) app_init: Compile time:     May 31 2025 20:19:51[0m
[0;32mI (306) app_init: ELF file SHA256:  93da9168d...[0m
[0;32mI (312) app_init: ESP-IDF:          v5.3-dirty[0m
[0;32mI (317) efuse_init: Min chip rev:     v0.0[0m
[0;32mI (322) efuse_init: Max chip rev:     v0.99 [0m
[0;32mI (326) efuse_init: Chip rev:         v0.2[0m
[0;32mI (331) heap_init: Initializing. RAM available for dynamic allocation:[0m
[0;32mI (339) heap_init: At 3FCA1560 len 000481B0 (288 KiB): RAM[0m
[0;32mI (345) heap_init: At 3FCE9710 len 00005724 (21 KiB): RAM[0m
[0;32mI (351) heap_init: At 3FCF0000 len 00008000 (32 KiB): DRAM[0m
[0;32mI (357) heap_init: At 600FE100 len 00001EE8 (7 KiB): RTCRAM[0m
[0;32mI (364) spi_flash: detected chip: boya[0m
[0;32mI (368) spi_flash: flash io: dio[0m
[0;32mI (372) sleep: Configure to isolate all GPIO pins in sleep state[0m
[0;32mI (378) sleep: Enable automatic switching of GPIO sleep configuration[0m
[0;32mI (386) main_task: Started on CPU0[0m
[0;32mI (416) main_task: Calling app_main()[0m
Hello wifi!
[0;32mI (436) pp: pp rom version: e7ae62f[0m
[0;32mI (436) net80211: net80211 rom version: e7ae62f[0m

***ERROR*** A stack overflow in task main has been detected.


Backtrace: 0x40375b16:0x3fca46e0 0x4037c3a9:0x3fca4700 0x4037d276:0x3fca4720 0x4037e74b:0x3fca47a0 0x4037d33c:0x3fca47c0 0x4037d332:0x00000001 |<-CORRUPTED




ELF file SHA256: 93da9168d

Rebooting...
ï¿½ï¿½ï¿½ESP-ROM:esp32s3-20210327
Build:Mar 27 2021
rst:0xc (RTC_SW_CPU_RST),boot:0x28 (SPI_FAST_FLASH_BOOT)
Saved PC:0x40375a50
SPIWP:0xee
mode:DIO, clock div:1
load:0x3fce2810,len:0x178c
load:0x403c8700,len:0x4
load:0x403c8704,len:0xcb8
load:0x403cb700,len:0x2db0
entry 0x403c8914
[0;32mI (31) boot: ESP-IDF v5.3-dirty 2nd stage bootloader[0m
[0;32mI (31) boot: compile time May 31 2025 20:20:03[0m
[0;32mI (31) boot: Multicore bootloader[0m
[0;32mI (35) boot: chip revision: v0.2[0m
[0;32mI (39) boot.esp32s3: Boot SPI Speed : 80MHz[0m
[0;32mI (43) boot.esp32s3: SPI Mode       : DIO[0m
[0;32mI (48) boot.esp32s3: SPI Flash Size : 16MB[0m
[0;32mI (53) boot: Enabling RNG early entropy source...[0m
[0;32mI (58) boot: Partition Table:[0m
[0;32mI (62) boot: ## Label            Usage          Type ST Offset   Length[0m
[0;32mI (69) boot:  0 nvs              WiFi data        01 02 00009000 00010000[0m
[0;32mI (77) boot:  1 phy_init         RF data          01 01 00019000 00001000[0m
[0;32mI (84) boot:  2 factory          factory app      00 00 00020000 00300000[0m
[0;32mI (92) boot:  3 storage          Unknown data     01 82 00320000 00200000[0m
[0;32mI (99) boot: End of partition table[0m
[0;32mI (103) esp_image: segment 0: paddr=00020020 vaddr=3c080020 size=1f68ch (128652) map[0m
[0;32mI (135) esp_image: segment 1: paddr=0003f6b4 vaddr=3fc99100 size=00964h (  2404) load[0m
[0;32mI (136) esp_image: segment 2: paddr=00040020 vaddr=42000020 size=7e564h (517476) map[0m
[0;32mI (233) esp_image: segment 3: paddr=000be58c vaddr=3fc99a64 size=03f50h ( 16208) load[0m
[0;32mI (237) esp_image: segment 4: paddr=000c24e4 vaddr=40374000 size=1508ch ( 86156) load[0m
[0;32mI (267) boot: Loaded app from partition at offset 0x20000[0m
[0;32mI (267) boot: Disabling RNG early entropy source...[0m
[0;32mI (278) cpu_start: Multicore app[0m
[0;32mI (288) cpu_start: Pro cpu start user code[0m
[0;32mI (288) cpu_start: cpu freq: 160000000 Hz[0m
[0;32mI (288) app_init: Application information:[0m
[0;32mI (291) app_init: Project name:     hello_world[0m
[0;32mI (296) app_init: App version:      1[0m
[0;32mI (300) app_init: Compile time:     May 31 2025 20:19:51[0m
[0;32mI (306) app_init: ELF file SHA256:  93da9168d...[0m
[0;32mI (312) app_init: ESP-IDF:          v5.3-dirty[0m
[0;32mI (317) efuse_init: Min chip rev:     v0.0[0m
[0;32mI (322) efuse_init: Max chip rev:     v0.99 [0m
[0;32mI (326) efuse_init: Chip rev:         v0.2[0m
[0;32mI (331) heap_init: Initializing. RAM available for dynamic allocation:[0m
[0;32mI (339) heap_init: At 3FCA1560 len 000481B0 (288 KiB): RAM[0m
[0;32mI (345) heap_init: At 3FCE9710 len 00005724 (21 KiB): RAM[0m
[0;32mI (351) heap_init: At 3FCF0000 len 00008000 (32 KiB): DRAM[0m
[0;32mI (357) heap_init: At 600FE100 len 00001EE8 (7 KiB): RTCRAM[0m
[0;32mI (364) spi_flash: detected chip: boya[0m
[0;32mI (368) spi_flash: flash io: dio[0m
[0;32mI (372) sleep: Configure to isolate all GPIO pins in sleep state[0m
[0;32mI (378) sleep: Enable automatic switching of GPIO sleep configuration[0m
[0;32mI (386) main_task: Started on CPU0[0m
[0;32mI (416) main_task: Calling app_main()[0m
Hello wifi!
[0;32mI (436) pp: pp rom version: e7ae62f[0m
[0;32mI (436) net80211: net80211 rom version: e7ae62f[0m

***ERROR*** A stack overflow in task main has been detected.


Backtrace: 0x40375b16:0x3fca46e0 0x4037c3a9:0x3fca4700 0x4037d276:0x3fca4720 0x4037e74b:0x3fca47a0 0x4037d33c:0x3fca47c0 0x4037d332:0x00000001 |<-CORRUPTED




ELF file SHA256: 93da9168d

Rebooting...
ï¿½ï¿½ï¿½ESP-ROM:esp32s3-20210327
Build:Mar 27 2021
rst:0xc (RTC_SW_CPU_RST),boot:0x28 (SPI_FAST_FLASH_BOOT)
Saved PC:0x40375a50
SPIWP:0xee
mode:DIO, clock div:1
load:0x3fce2810,len:0x178c
load:0x403c8700,len:0x4
load:0x403c8704,len:0xcb8
load:0x403cb700,len:0x2db0
entry 0x403c8914
[0;32mI (31) boot: ESP-IDF v5.3-dirty 2nd stage bootloader[0m
[0;32mI (31) boot: compile time May 31 2025 20:20:03[0m
[0;32mI (31) boot: Multicore bootloader[0m
[0;32mI (35) boot: chip revision: v0.2[0m
[0;32mI (39) boot.esp32s3: Boot SPI Speed : 80MHz[0m
[0;32mI (43) boot.esp32s3: SPI Mode       : DIO[0m
[0;32mI (48) boot.esp32s3: SPI Flash Size : 16MB[0m
[0;32mI (53) boot: Enabling RNG early entropy source...[0m
[0;32mI (58) boot: Partition Table:[0m
[0;32mI (62) boot: ## Label            Usage          Type ST Offset   Length[0m
[0;32mI (69) boot:  0 nvs              WiFi data        01 02 00009000 00010000[0m
[0;32mI (77) boot:  1 phy_init         RF data          01 01 00019000 00001000[0m
[0;32mI (84) boot:  2 factory          factory app      00 00 00020000 00300000[0m
[0;32mI (92) boot:  3 storage          Unknown data     01 82 00320000 00200000[0m
[0;32mI (99) boot: End of partition table[0m
[0;32mI (103) esp_image: segment 0: paddr=00020020 vaddr=3c080020 size=1f68ch (128652) map[0m
[0;32mI (135) esp_image: segment 1: paddr=0003f6b4 vaddr=3fc99100 size=00964h (  2404) load[0m
[0;32mI (136) esp_image: segment 2: paddr=00040020 vaddr=42000020 size=7e564h (517476) map[0m
[0;32mI (233) esp_image: segment 3: paddr=000be58c vaddr=3fc99a64 size=03f50h ( 16208) load[0m
[0;32mI (237) esp_image: segment 4: paddr=000c24e4 vaddr=40374000 size=1508ch ( 86156) load[0m
[0;32mI (267) boot: Loaded app from partition at offset 0x20000[0m
[0;32mI (267) boot: Disabling RNG early entropy source...[0m
[0;32mI (278) cpu_start: Multicore app[0m
[0;32mI (288) cpu_start: Pro cpu start user code[0m
[0;32mI (288) cpu_start: cpu freq: 160000000 Hz[0m
[0;32mI (288) app_init: Application information:[0m
[0;32mI (291) app_init: Project name:     hello_world[0m
[0;32mI (296) app_init: App version:      1[0m
[0;32mI (300) app_init: Compile time:     May 31 2025 20:19:51[0m
[0;32mI (306) app_init: ELF file SHA256:  93da9168d...[0m
[0;32mI (312) app_init: ESP-IDF:          v5.3-dirty[0m
[0;32mI (317) efuse_init: Min chip rev:     v0.0[0m
[0;32mI (322) efuse_init: Max chip rev:     v0.99 [0m
[0;32mI (326) efuse_init: Chip rev:         v0.2[0m
[0;32mI (331) heap_init: Initializing. RAM available for dynamic allocation:[0m
[0;32mI (339) heap_init: At 3FCA1560 len 000481B0 (288 KiB): RAM[0m
[0;32mI (345) heap_init: At 3FCE9710 len 00005724 (21 KiB): RAM[0m
[0;32mI (351) heap_init: At 3FCF0000 len 00008000 (32 KiB): DRAM[0m
[0;32mI (357) heap_init: At 600FE100 len 00001EE8 (7 KiB): RTCRAM[0m
[0;32mI (364) spi_flash: detected chip: boya[0m
[0;32mI (368) spi_flash: flash io: dio[0m
[0;32mI (372) sleep: Configure to isolate all GPIO pins in sleep state[0m
[0;32mI (378) sleep: Enable automatic switching of GPIO sleep configuration[0m
[0;32mI (386) main_task: Started on CPU0[0m
[0;32mI (416) main_task: Calling app_main()[0m
Hello wifi!
[0;32mI (436) pp: pp rom version: e7ae62f[0m
[0;32mI (436) net80211: net80211 rom version: e7ae62f[0m

***ERROR*** A stack overflow in task main has been detected.


Backtrace: 0x40375b16:0x3fca46e0 0x4037c3a9:0x3fca4700 0x4037d276:0x3fca4720 0x4037e74b:0x3fca47a0 0x4037d33c:0x3fca47c0 0x4037d332:0x00000001 |<-CORRUPTED




ELF file SHA256: 93da9168d

Rebooting...
ï¿½ï¿½ï¿½ESP-ROM:esp32s3-20210327
Build:Mar 27 2021
rst:0xc (RTC_SW_CPU_RST),boot:0x28 (SPI_FAST_FLASH_BOOT)
Saved PC:0x40375a50
SPIWP:0xee
mode:DIO, clock div:1
load:0x3fce2810,len:0x178c
load:0x403c8700,len:0x4
load:0x403c8704,len:0xcb8
load:0x403cb700,len:0x2db0
entry 0x403c8914
[0;32mI (31) boot: ESP-IDF v5.3-dirty 2nd stage bootloader[0m
[0;32mI (31) boot: compile time May 31 2025 20:20:03[0m
[0;32mI (31) boot: Multicore bootloader[0m
[0;32mI (35) boot: chip revision: v0.2[0m
[0;32mI (39) boot.esp32s3: Boot SPI Speed : 80MHz[0m
[0;32mI (43) boot.esp32s3: SPI Mode       : DIO[0m
[0;32mI (48) boot.esp32s3: SPI Flash Size : 16MB[0m
[0;32mI (53) boot: Enabling RNG early entropy source...[0m
[0;32mI (58) boot: Partition Table:[0m
[0;32mI (62) boot: ## Label            Usage          Type ST Offset   Length[0m
[0;32mI (69) boot:  0 nvs              WiFi data        01 02 00009000 00010000[0m
[0;32mI (77) boot:  1 phy_init         RF data          01 01 00019000 00001000[0m
[0;32mI (84) boot:  2 factory          factory app      00 00 00020000 00300000[0m
[0;32mI (92) boot:  3 storage          Unknown data     01 82 00320000 00200000[0m
[0;32mI (99) boot: End of partition table[0m
[0;32mI (103) esp_image: segment 0: paddr=00020020 vaddr=3c080020 size=1f68ch (128652) map[0m
[0;32mI (135) esp_image: segment 1: paddr=0003f6b4 vaddr=3fc99100 size=00964h (  2404) load[0m
[0;32mI (136) esp_image: segment 2: paddr=00040020 vaddr=42000020 size=7e564h (517476) map[0m
