ESP-ROM:esp32s3-20210327
Build:Mar 27 2021
rst:0x1 (POWERON),boot:0x28 (SPI_FAST_FLASH_BOOT)
SPIWP:0xee
mode:DIO, clock div:1
load:0x3fce2810,len:0x178c
load:0x403c8700,len:0x4
load:0x403c8704,len:0xcb8
load:0x403cb700,len:0x2db0
entry 0x403c8914
[0;32mI (27) boot: ESP-IDF v5.3-dirty 2nd stage bootloader[0m
[0;32mI (27) boot: compile time May 31 2025 20:42:14[0m
[0;32mI (27) boot: Multicore bootloader[0m
[0;32mI (30) boot: chip revision: v0.2[0m
[0;32mI (34) boot.esp32s3: Boot SPI Speed : 80MHz[0m
[0;32mI (39) boot.esp32s3: SPI Mode       : DIO[0m
[0;32mI (44) boot.esp32s3: SPI Flash Size : 16MB[0m
[0;32mI (48) boot: Enabling RNG early entropy source...[0m
[0;32mI (54) boot: Partition Table:[0m
[0;32mI (57) boot: ## Label            Usage          Type ST Offset   Length[0m
[0;32mI (65) boot:  0 nvs              WiFi data        01 02 00009000 00010000[0m
[0;32mI (72) boot:  1 phy_init         RF data          01 01 00019000 00001000[0m
[0;32mI (80) boot:  2 factory          factory app      00 00 00020000 00300000[0m
[0;32mI (87) boot:  3 storage          Unknown data     01 82 00320000 00200000[0m
[0;32mI (95) boot: End of partition table[0m
[0;32mI (99) esp_image: segment 0: paddr=00020020 vaddr=3c080020 size=1f6ech (128748) map[0m
[0;32mI (130) esp_image: segment 1: paddr=0003f714 vaddr=3fc99100 size=00904h (  2308) load[0m
[0;32mI (131) esp_image: segment 2: paddr=00040020 vaddr=42000020 size=7e558h (517464) map[0m
[0;32mI (229) esp_image: segment 3: paddr=000be580 vaddr=3fc99a04 size=03fb0h ( 16304) load[0m
[0;32mI (233) esp_image: segment 4: paddr=000c2538 vaddr=40374000 size=1508ch ( 86156) load[0m
[0;32mI (262) boot: Loaded app from partition at offset 0x20000[0m
[0;32mI (262) boot: Disabling RNG early entropy source...[0m
[0;32mI (274) cpu_start: Multicore app[0m
[0;32mI (283) cpu_start: Pro cpu start user code[0m
[0;32mI (283) cpu_start: cpu freq: 160000000 Hz[0m
[0;32mI (284) app_init: Application information:[0m
[0;32mI (286) app_init: Project name:     hello_world[0m
[0;32mI (292) app_init: App version:      1[0m
[0;32mI (296) app_init: Compile time:     May 31 2025 20:41:57[0m
[0;32mI (302) app_init: ELF file SHA256:  ef167f5a3...[0m
[0;32mI (307) app_init: ESP-IDF:          v5.3-dirty[0m
[0;32mI (312) efuse_init: Min chip rev:     v0.0[0m
[0;32mI (317) efuse_init: Max chip rev:     v0.99 [0m
[0;32mI (322) efuse_init: Chip rev:         v0.2[0m
[0;32mI (327) heap_init: Initializing. RAM available for dynamic allocation:[0m
[0;32mI (334) heap_init: At 3FCA1560 len 000481B0 (288 KiB): RAM[0m
[0;32mI (340) heap_init: At 3FCE9710 len 00005724 (21 KiB): RAM[0m
[0;32mI (346) heap_init: At 3FCF0000 len 00008000 (32 KiB): DRAM[0m
[0;32mI (352) heap_init: At 600FE100 len 00001EE8 (7 KiB): RTCRAM[0m
[0;32mI (360) spi_flash: detected chip: boya[0m
[0;32mI (363) spi_flash: flash io: dio[0m
[0;32mI (367) sleep: Configure to isolate all GPIO pins in sleep state[0m
[0;32mI (374) sleep: Enable automatic switching of GPIO sleep configuration[0m
[0;32mI (381) main_task: Started on CPU0[0m
[0;32mI (411) main_task: Calling app_main()[0m
[0;32mI (431) pp: pp rom version: e7ae62f[0m
[0;32mI (431) net80211: net80211 rom version: e7ae62f[0m
[0;32mI (451) wifi:wifi driver task: 3fcacbe0, prio:23, stack:6656, core=0[0m
[0;32mI (461) wifi:wifi firmware version: 0caa81945[0m
[0;32mI (461) wifi:wifi certification version: v7.0[0m
[0;32mI (461) wifi:config NVS flash: enabled[0m
[0;32mI (461) wifi:config nano formating: disabled[0m
[0;32mI (461) wifi:Init data frame dynamic rx buffer num: 32[0m
[0;32mI (471) wifi:Init static rx mgmt buffer num: 5[0m
[0;32mI (471) wifi:Init management short buffer num: 32[0m
[0;32mI (481) wifi:Init dynamic tx buffer num: 32[0m
[0;32mI (481) wifi:Init static tx FG buffer num: 2[0m
[0;32mI (491) wifi:Init static rx buffer size: 1600[0m
[0;32mI (491) wifi:Init static rx buffer num: 10[0m
[0;32mI (491) wifi:Init dynamic rx buffer num: 32[0m
[0;32mI (501) wifi_init: rx ba win: 6[0m
[0;32mI (501) wifi_init: accept mbox: 6[0m
[0;32mI (511) wifi_init: tcpip mbox: 32[0m
[0;32mI (511) wifi_init: udp mbox: 6[0m
[0;32mI (511) wifi_init: tcp mbox: 6[0m
[0;32mI (521) wifi_init: tcp tx win: 5760[0m
[0;32mI (521) wifi_init: tcp rx win: 5760[0m
[0;32mI (521) wifi_init: tcp mss: 1440[0m
[0;32mI (531) wifi_init: WiFi IRAM OP enabled[0m
[0;32mI (531) wifi_init: WiFi RX IRAM OP enabled[0m
[0;32mI (541) phy_init: phy_version 680,a6008b2,Jun  4 2024,16:41:10[0m
[0;32mI (581) wifi:mode : sta (cc:ba:97:04:ed:5c)[0m
[0;32mI (581) wifi:enable tsf[0m
WiFiÊâ´ÊèèÂÆåÊàê
Guru Meditation Error: Core  0 panic'ed (LoadProhibited). Exception was unhandled.

Core  0 register dump:
PC      : 0x42009627  PS      : 0x00060630  A0      : 0x8207d662  A1      : 0x3fca5d00  
A2      : 0x00000003  A3      : 0x3c0841cc  A4      : 0x00000000  A5      : 0x00000000  
A6      : 0x00000000  A7      : 0x09000000  A8      : 0x82009627  A9      : 0x3fca5cb0  
A10     : 0x00000000  A11     : 0x3fca5d00  A12     : 0x3fca63e0  A13     : 0x00001388  
A14     : 0x3fca6430  A15     : 0x3fca7744  SAR     : 0x00000018  EXCCAUSE: 0x0000001c  
EXCVADDR: 0x090000e0  LBEG    : 0x40056f5c  LEND    : 0x40056f72  LCOUNT  : 0xffffffff  


Backtrace: 0x42009624:0x3fca5d00 0x4207d65f:0x3fca6470 0x4037ce85:0x000000a9 |<-CORRUPTED




ELF file SHA256: ef167f5a3

Rebooting...
ESP-ROM:esp32s3-20210327
Build:Mar 27 2021
rst:0xc (RTC_SW_CPU_RST),boot:0x28 (SPI_FAST_FLASH_BOOT)
Saved PC:0x40375a50
SPIWP:0xee
mode:DIO, clock div:1
load:0x3fce2810,len:0x178c
load:0x403c8700,len:0x4
load:0x403c8704,len:0xcb8
load:0x403cb700,len:0x2db0
entry 0x403c8914
[0;32mI (31) boot: ESP-IDF v5.3-dirty 2nd stage bootloader[0m
[0;32mI (31) boot: compile time May 31 2025 20:42:14[0m
[0;32mI (31) boot: Multicore bootloader[0m
[0;32mI (35) boot: chip revision: v0.2[0m
[0;32mI (39) boot.esp32s3: Boot SPI Speed : 80MHz[0m
[0;32mI (43) boot.esp32s3: SPI Mode       : DIO[0m
[0;32mI (48) boot.esp32s3: SPI Flash Size : 16MB[0m
[0;32mI (53) boot: Enabling RNG early entropy source...[0m
[0;32mI (58) boot: Partition Table:[0m
[0;32mI (62) boot: ## Label            Usage          Type ST Offset   Length[0m
[0;32mI (69) boot:  0 nvs              WiFi data        01 02 00009000 00010000[0m
[0;32mI (77) boot:  1 phy_init         RF data          01 01 00019000 00001000[0m
[0;32mI (84) boot:  2 factory          factory app      00 00 00020000 00300000[0m
[0;32mI (92) boot:  3 storage          Unknown data     01 82 00320000 00200000[0m
[0;32mI (99) boot: End of partition table[0m
[0;32mI (103) esp_image: segment 0: paddr=00020020 vaddr=3c080020 size=1f6ech (128748) map[0m
[0;32mI (135) esp_image: segment 1: paddr=0003f714 vaddr=3fc99100 size=00904h (  2308) load[0m
[0;32mI (136) esp_image: segment 2: paddr=00040020 vaddr=42000020 size=7e558h (517464) map[0m
[0;32mI (233) esp_image: segment 3: paddr=000be580 vaddr=3fc99a04 size=03fb0h ( 16304) load[0m
[0;32mI (237) esp_image: segment 4: paddr=000c2538 vaddr=40374000 size=1508ch ( 86156) load[0m
[0;32mI (267) boot: Loaded app from partition at offset 0x20000[0m
[0;32mI (267) boot: Disabling RNG early entropy source...[0m
[0;32mI (278) cpu_start: Multicore app[0m
[0;32mI (288) cpu_start: Pro cpu start user code[0m
[0;32mI (288) cpu_start: cpu freq: 160000000 Hz[0m
[0;32mI (288) app_init: Application information:[0m
[0;32mI (291) app_init: Project name:     hello_world[0m
[0;32mI (296) app_init: App version:      1[0m
[0;32mI (300) app_init: Compile time:     May 31 2025 20:41:57[0m
[0;32mI (306) app_init: ELF file SHA256:  ef167f5a3...[0m
[0;32mI (312) app_init: ESP-IDF:          v5.3-dirty[0m
[0;32mI (317) efuse_init: Min chip rev:     v0.0[0m
[0;32mI (322) efuse_init: Max chip rev:     v0.99 [0m
[0;32mI (327) efuse_init: Chip rev:         v0.2[0m
[0;32mI (331) heap_init: Initializing. RAM available for dynamic allocation:[0m
[0;32mI (339) heap_init: At 3FCA1560 len 000481B0 (288 KiB): RAM[0m
[0;32mI (345) heap_init: At 3FCE9710 len 00005724 (21 KiB): RAM[0m
[0;32mI (351) heap_init: At 3FCF0000 len 00008000 (32 KiB): DRAM[0m
[0;32mI (357) heap_init: At 600FE100 len 00001EE8 (7 KiB): RTCRAM[0m
[0;32mI (364) spi_flash: detected chip: boya[0m
[0;32mI (368) spi_flash: flash io: dio[0m
[0;32mI (372) sleep: Configure to isolate all GPIO pins in sleep state[0m
[0;32mI (378) sleep: Enable automatic switching of GPIO sleep configuration[0m
[0;32mI (386) main_task: Started on CPU0[0m
[0;32mI (416) main_task: Calling app_main()[0m
[0;32mI (436) pp: pp rom version: e7ae62f[0m
[0;32mI (436) net80211: net80211 rom version: e7ae62f[0m
[0;32mI (456) wifi:wifi driver task: 3fcacbe0, prio:23, stack:6656, core=0[0m
[0;32mI (466) wifi:wifi firmware version: 0caa81945[0m
[0;32mI (466) wifi:wifi certification version: v7.0[0m
[0;32mI (466) wifi:config NVS flash: enabled[0m
[0;32mI (466) wifi:config nano formating: disabled[0m
[0;32mI (466) wifi:Init data frame dynamic rx buffer num: 32[0m
[0;32mI (476) wifi:Init static rx mgmt buffer num: 5[0m
[0;32mI (476) wifi:Init management short buffer num: 32[0m
[0;32mI (486) wifi:Init dynamic tx buffer num: 32[0m
[0;32mI (486) wifi:Init static tx FG buffer num: 2[0m
[0;32mI (496) wifi:Init static rx buffer size: 1600[0m
[0;32mI (496) wifi:Init static rx buffer num: 10[0m
[0;32mI (496) wifi:Init dynamic rx buffer num: 32[0m
[0;32mI (506) wifi_init: rx ba win: 6[0m
[0;32mI (506) wifi_init: accept mbox: 6[0m
[0;32mI (516) wifi_init: tcpip mbox: 32[0m
[0;32mI (516) wifi_init: udp mbox: 6[0m
[0;32mI (516) wifi_init: tcp mbox: 6[0m
[0;32mI (526) wifi_init: tcp tx win: 5760[0m
[0;32mI (526) wifi_init: tcp rx win: 5760[0m
[0;32mI (526) wifi_init: tcp mss: 1440[0m
[0;32mI (536) wifi_init: WiFi IRAM OP enabled[0m
[0;32mI (536) wifi_init: WiFi RX IRAM OP enabled[0m
[0;32mI (546) phy_init: phy_version 680,a6008b2,Jun  4 2024,16:41:10[0m
[0;32mI (586) wifi:mode : sta (cc:ba:97:04:ed:5c)[0m
[0;32mI (586) wifi:enable tsf[0m
WiFiÊâ´ÊèèÂÆåÊàê
Êâ´ÊèèÂà∞ÁöÑWiFiÊï∞Èáè: 18
WiFi 1: SSID: HOME, RSSI: -50
WiFi 2: SSID: TP-LINK_602, RSSI: -65
WiFi 3: SSID: CMCC-FHHJ, RSSI: -71
WiFi 4: SSID: ERGE, RSSI: -77
WiFi 5: SSID: ERGE, RSSI: -78
WiFi 6: SSID: vivo Y78+, RSSI: -82
WiFi 7: SSID: CU_9C2S, RSSI: -84
WiFi 8: SSID: CU_RskN, RSSI: -84
WiFi 9: SSID: CMCC-t7ye, RSSI: -85
WiFi 10: SSID: CU_Majd, RSSI: -86
WiFi 11: SSID: CMCC-shKK, RSSI: -86
WiFi 12: SSID: HUAWEI-501, RSSI: -87
WiFi 13: SSID: 202, RSSI: -87
WiFi 14: SSID: TP-LINK_1689, RSSI: -88
WiFi 15: SSID: CMCC-1301, RSSI: -89
WiFi 16: SSID: CU_hRU5, RSSI: -89
WiFi 17: SSID: CMCC-ksrj, RSSI: -90
WiFi 18: SSID: youmizaoxing, RSSI: -91
[0;32mI (7046) wifi_drv: WiFiÊ®°ÂºèÂ∑≤ÊòØÁõÆÊ†áÊ®°ÂºèÔºåÊó†ÈúÄÂàáÊç¢[0m
[0;32mI (7056) wifi:flush txq[0m
[0;32mI (7056) wifi:stop sw txq[0m
[0;32mI (7056) wifi:lmac stop hw txq[0m
[0;32mI (7056) wifi:Deinit lldesc rx mblock:10[0m
[0;32mI (7066) main_task: Returned from app_main()[0m
